// Jest Snapshot v1, https://goo.gl/fbAQLP

exports[`<Message /> should render the Message 1`] = `
.c0 {
  display: -webkit-box;
  display: -webkit-flex;
  display: -ms-flexbox;
  display: flex;
  -webkit-flex-direction: column;
  -ms-flex-direction: column;
  flex-direction: column;
  -webkit-align-items: center;
  -webkit-box-align: center;
  -ms-flex-align: center;
  align-items: center;
  gap: 1.6rem;
}

.c1 {
  font-size: 1.6rem;
  color: #2B716E;
  text-align: center;
}

.c2 {
  display: -webkit-box;
  display: -webkit-flex;
  display: -ms-flexbox;
  display: flex;
  -webkit-flex-direction: column;
  -ms-flex-direction: column;
  flex-direction: column;
  -webkit-align-items: center;
  -webkit-box-align: center;
  -ms-flex-align: center;
  align-items: center;
  gap: 0.8rem;
  font-size: 1.2rem;
  color: #7c7570;
  text-align: center;
}

@media (min-width:768px) {
  .c1 {
    font-size: 2.0rem;
  }
}

@media (min-width:768px) {
  .c2 {
    font-size: 1.6rem;
  }
}

<div>
  <div
    class="c0"
  >
    <h1
      class="c1"
    >
      Desculpe, nenhum resultado encontrado :(
    </h1>
    <div
      class="c2"
    >
      <p
        role="paragraph"
      >
        O Usuário não foi encontrado
      </p>
    </div>
  </div>
</div>
`;
