// Jest Snapshot v1, https://goo.gl/fbAQLP

exports[`<Tabs /> should render the Tabs 1`] = `
.c0 {
  width: 100%;
  max-width: 114.4rem;
  margin-left: auto;
  margin-right: auto;
  padding: 0;
}

.c1 {
  list-style: none;
  display: -webkit-box;
  display: -webkit-flex;
  display: -ms-flexbox;
  display: flex;
  width: 100%;
  max-width: 60rem;
  margin: 0 auto;
  padding: 0 2.4rem;
  display: -webkit-box;
  display: -webkit-flex;
  display: -ms-flexbox;
  display: flex;
}

.c2 {
  position: relative;
  cursor: pointer;
  -webkit-transform: translateY(0.1rem);
  -ms-transform: translateY(0.1rem);
  transform: translateY(0.1rem);
  padding: 0.8rem 2.4rem;
  color: #A9A5A2;
  gap: 2.4rem;
}

.c2::before {
  content: '';
  height: 0.6rem;
  width: 0.6rem;
  border-radius: 0.3rem;
  position: absolute;
  top: 50%;
  -webkit-transform: translateY(-50%);
  -ms-transform: translateY(-50%);
  transform: translateY(-50%);
  left: 0.4rem;
  -webkit-transition: background-color 0.3s;
  transition: background-color 0.3s;
  background-color: #0000;
}

<div>
  <div
    class="c0"
  >
    <ul
      class="c1"
    >
      <li
        class="c2"
      >
        <span>
          Informação
        </span>
      </li>
      <li
        class="c2"
      >
        <span>
          Historico do Cliente
        </span>
      </li>
      <li
        class="c2"
      >
        <span>
          contrato social
        </span>
      </li>
    </ul>
  </div>
</div>
`;
